Flutter crash report.
Please report a bug at https://github.com/flutter/flutter/issues.

## command

flutter drive --driver=test_driver/integration_test.dart --target=integration_test/app_test.dart -d chrome --headless --web-port=8082 --dart-define=API_URL=http://127.0.0.1:8091 --dart-define=TEST_HOUSEHOLD_ID=test-household-id --dart-define=TEST_MODE=true

## exception

SocketException: SocketException: Connection refused (OS Error: Connection refused, errno = 61), address = localhost, port = 54775

```
#0      _NativeSocket.startConnect (dart:io-patch/socket_patch.dart:821:35)
#1      _RawSocket.startConnect (dart:io-patch/socket_patch.dart:2284:26)
#2      RawSocket.startConnect (dart:io-patch/socket_patch.dart:41:23)
#3      Socket._startConnect (dart:io-patch/socket_patch.dart:2548:22)
#4      Socket.startConnect (dart:io/socket.dart:897:21)
#5      _ConnectionTarget.connect (dart:_http/http_impl.dart:2699:20)
#6      _HttpClient._getConnection.connect (dart:_http/http_impl.dart:3193:12)
#7      _HttpClient._getConnection (dart:_http/http_impl.dart:3198:12)
#8      _HttpClient._openUrl (dart:_http/http_impl.dart:3021:12)
#9      _HttpClient.deleteUrl (dart:_http/http_impl.dart:2883:51)
#10     AsyncIoRequestClient.sendRaw (package:webdriver/src/request/async_io_request_client.dart:33:36)
<asynchronous suspension>
#11     AsyncRequestClient.send (package:webdriver/src/common/request_client.dart:96:33)
<asynchronous suspension>
#12     WebDriver.quit (package:webdriver/src/async/web_driver.dart:133:5)
<asynchronous suspension>
#13     WebDriverService.startTest (package:flutter_tools/src/drive/web_driver_service.dart:232:5)
<asynchronous suspension>
#14     DriveCommand.runCommand (package:flutter_tools/src/commands/drive.dart:398:30)
<asynchronous suspension>
#15     FlutterCommand.run.<anonymous closure> (package:flutter_tools/src/runner/flutter_command.dart:1559:27)
<asynchronous suspension>
#16     AppContext.run.<anonymous closure> (package:flutter_tools/src/base/context.dart:154:19)
<asynchronous suspension>
#17     CommandRunner.runCommand (package:args/command_runner.dart:212:13)
<asynchronous suspension>
#18     FlutterCommandRunner.runCommand.<anonymous closure> (package:flutter_tools/src/runner/flutter_command_runner.dart:487:9)
<asynchronous suspension>
#19     AppContext.run.<anonymous closure> (package:flutter_tools/src/base/context.dart:154:19)
<asynchronous suspension>
#20     FlutterCommandRunner.runCommand (package:flutter_tools/src/runner/flutter_command_runner.dart:422:5)
<asynchronous suspension>
#21     run.<anonymous closure>.<anonymous closure> (package:flutter_tools/runner.dart:104:11)
<asynchronous suspension>
#22     AppContext.run.<anonymous closure> (package:flutter_tools/src/base/context.dart:154:19)
<asynchronous suspension>
#23     main (package:flutter_tools/executable.dart:103:3)
<asynchronous suspension>
```

## flutter doctor

```
[32m[✓][39m Flutter (Channel stable, 3.38.6, on macOS 26.2 25C56 darwin-arm64, locale en-AR) [213ms]
    [32m•[39m Flutter version 3.38.6 on channel stable at /opt/homebrew/share/flutter
    [32m•[39m Upstream repository https://github.com/flutter/flutter.git
    [32m•[39m Framework revision 8b87286849 (11 days ago), 2026-01-08 10:49:17 -0800
    [32m•[39m Engine revision 78fc3012e4
    [32m•[39m Dart version 3.10.7
    [32m•[39m DevTools version 2.51.1
    [32m•[39m Feature flags: enable-web, enable-linux-desktop, enable-macos-desktop, enable-windows-desktop, enable-android, enable-ios, cli-animations,
      enable-native-assets, omit-legacy-version-file, enable-lldb-debugging

[31m[✗][39m Android toolchain - develop for Android devices [161ms]
    [31m✗[39m Unable to locate Android SDK.
      Install Android Studio from: https://developer.android.com/studio/index.html
      On first launch it will assist you in installing the Android SDK components.
      (or visit https://flutter.dev/to/macos-android-setup for detailed instructions).
      If the Android SDK has been installed to a custom location, please use
      `flutter config --android-sdk` to update to that location.


[32m[✓][39m Xcode - develop for iOS and macOS (Xcode 26.2) [998ms]
    [32m•[39m Xcode at /Applications/Xcode.app/Contents/Developer
    [32m•[39m Build 17C52
    [32m•[39m CocoaPods version 1.16.2

[32m[✓][39m Chrome - develop for the web [4ms]
    [32m•[39m Chrome at /Applications/Google Chrome.app/Contents/MacOS/Google Chrome

[32m[✓][39m Connected device (2 available) [6.3s]
    [32m•[39m macOS (desktop) • macos  • darwin-arm64   • macOS 26.2 25C56 darwin-arm64
    [32m•[39m Chrome (web)    • chrome • web-javascript • Google Chrome 143.0.7499.193

[32m[✓][39m Network resources [260ms]
    [32m•[39m All expected network resources are available.

[33m![39m Doctor found issues in 1 category.
```
